2025-04-17 09:11:53,128 - apscheduler.scheduler - INFO - Scheduler started
2025-04-17 09:11:53,129 - programm - INFO - CLEANUP CONNECTION PLAN 
2025-04-17 09:12:54,671 - programm - INFO - start delcache
2025-04-17 09:12:54,676 - apscheduler.scheduler - INFO - Adding job tentatively -- it will be properly scheduled when the scheduler starts
2025-04-17 09:12:54,677 - apscheduler.scheduler - INFO - Added job "shemas_cash" to job store "default"
2025-04-17 09:12:54,677 - apscheduler.scheduler - INFO - Scheduler started
2025-04-17 09:12:54,678 - programm - INFO - CLEANUP CONNECTION PLAN 
2025-04-17 09:13:08,257 - programm - INFO - start delcache
2025-04-17 09:13:08,262 - apscheduler.scheduler - INFO - Adding job tentatively -- it will be properly scheduled when the scheduler starts
2025-04-17 09:13:08,263 - apscheduler.scheduler - INFO - Added job "shemas_cash" to job store "default"
2025-04-17 09:13:08,263 - apscheduler.scheduler - INFO - Scheduler started
2025-04-17 09:13:08,263 - programm - INFO - CLEANUP CONNECTION PLAN 
2025-04-17 09:15:53,325 - programm - INFO - start delcache
2025-04-17 09:15:53,325 - programm - INFO - CASH
2025-04-17 09:15:53,331 - apscheduler.scheduler - INFO - Adding job tentatively -- it will be properly scheduled when the scheduler starts
2025-04-17 09:15:53,332 - apscheduler.scheduler - INFO - Added job "shemas_cash" to job store "default"
2025-04-17 09:15:53,332 - apscheduler.scheduler - INFO - Scheduler started
2025-04-17 09:15:53,332 - programm - INFO - CLEANUP CONNECTION PLAN 
2025-04-17 09:17:12,004 - programm - INFO - start delcache
2025-04-17 09:17:12,004 - programm - INFO - CASH
2025-04-17 09:17:12,009 - apscheduler.scheduler - INFO - Adding job tentatively -- it will be properly scheduled when the scheduler starts
2025-04-17 09:17:12,010 - apscheduler.scheduler - INFO - Added job "shemas_cash" to job store "default"
2025-04-17 09:17:12,010 - apscheduler.scheduler - INFO - Scheduler started
2025-04-17 09:17:48,249 - programm - INFO - start delcache
2025-04-17 09:17:48,249 - programm - INFO - CASH
2025-04-17 09:17:48,254 - apscheduler.scheduler - INFO - Adding job tentatively -- it will be properly scheduled when the scheduler starts
2025-04-17 09:17:48,254 - apscheduler.scheduler - INFO - Added job "shemas_cash" to job store "default"
2025-04-17 09:17:48,255 - apscheduler.scheduler - INFO - Scheduler started
2025-04-17 09:18:37,325 - programm - INFO - start delcache
2025-04-17 09:18:37,325 - programm - INFO - CASH
2025-04-17 09:18:37,330 - apscheduler.scheduler - INFO - Adding job tentatively -- it will be properly scheduled when the scheduler starts
2025-04-17 09:18:37,331 - apscheduler.scheduler - INFO - Added job "shemas_cash" to job store "default"
2025-04-17 09:18:37,331 - apscheduler.scheduler - INFO - Scheduler started
2025-04-17 09:19:24,060 - programm - INFO - start delcache
2025-04-17 09:19:24,060 - programm - INFO - CASH
2025-04-17 09:19:24,065 - apscheduler.scheduler - INFO - Adding job tentatively -- it will be properly scheduled when the scheduler starts
2025-04-17 09:19:24,065 - apscheduler.scheduler - INFO - Added job "shemas_cash" to job store "default"
2025-04-17 09:19:24,065 - apscheduler.scheduler - INFO - Scheduler started
2025-04-17 09:19:24,066 - programm - INFO - CLEANUP CONNECTION PLAN 
2025-04-17 09:20:35,930 - programm - INFO - start delcache
2025-04-17 09:20:35,930 - programm - INFO - CASH
2025-04-17 09:20:35,934 - apscheduler.scheduler - INFO - Adding job tentatively -- it will be properly scheduled when the scheduler starts
2025-04-17 09:20:35,935 - apscheduler.scheduler - INFO - Added job "shemas_cash" to job store "default"
2025-04-17 09:20:35,935 - apscheduler.scheduler - INFO - Scheduler started
2025-04-17 09:20:35,935 - programm - INFO - CLEANUP CONNECTION PLAN 
2025-04-17 09:21:24,182 - programm - INFO - start delcache
2025-04-17 09:21:24,182 - programm - INFO - CASH
2025-04-17 09:21:24,186 - apscheduler.scheduler - INFO - Adding job tentatively -- it will be properly scheduled when the scheduler starts
2025-04-17 09:21:24,187 - apscheduler.scheduler - INFO - Added job "shemas_cash" to job store "default"
2025-04-17 09:21:24,187 - apscheduler.scheduler - INFO - Scheduler started
2025-04-17 09:21:24,188 - programm - INFO - end clear
2025-04-17 09:21:24,188 - programm - INFO - CLEANUP CONNECTION PLAN 
2025-04-17 09:23:29,456 - programm - INFO - start delcache
2025-04-17 09:23:29,456 - programm - INFO - CASH
2025-04-17 09:23:29,461 - apscheduler.scheduler - INFO - Adding job tentatively -- it will be properly scheduled when the scheduler starts
2025-04-17 09:23:29,462 - apscheduler.scheduler - INFO - Added job "shemas_cash" to job store "default"
2025-04-17 09:23:29,462 - apscheduler.scheduler - INFO - Scheduler started
2025-04-17 09:28:29,471 - apscheduler.executors.default - INFO - Running job "shemas_cash (trigger: interval[0:05:00], next run at: 2025-04-17 09:28:29 MSK)" (scheduled at 2025-04-17 09:28:29.461648+03:00)
2025-04-17 09:28:29,472 - programm - INFO - SHEMAS
2025-04-17 09:28:29,513 - programm - INFO - clear db
2025-04-17 09:28:29,513 - programm - INFO - [RealDictRow({'id': 5}), RealDictRow({'id': 1}), RealDictRow({'id': 22}), RealDictRow({'id': 23}), RealDictRow({'id': 21})] quanity id 
2025-04-17 09:28:29,513 - programm - INFO - Delete 5 id(cache)
2025-04-17 09:28:29,515 - apscheduler.executors.default - ERROR - Job "shemas_cash (trigger: interval[0:05:00], next run at: 2025-04-17 09:33:29 MSK)" raised an exception
Traceback (most recent call last):
  File "D:\Проекты\DisbosableSecrets\programm.py", line 65, in shemas_cash
    if i in cache:
       ^^^^^^^^^^
TypeError: unhashable type: 'RealDictRow'

During handling of the above exception, another exception occurred:

Traceback (most recent call last):
  File "D:\Проекты\DisbosableSecrets\venvSecrets\Lib\site-packages\apscheduler\executors\base.py", line 131, in run_job
    retval = job.func(*job.args, **job.kwargs)
  File "D:\Проекты\DisbosableSecrets\programm.py", line 69, in shemas_cash
    raise HTTPException(status_code=404)
fastapi.exceptions.HTTPException: 404: Not Found
2025-04-17 09:32:08,901 - programm - INFO - start delcache
2025-04-17 09:32:08,902 - apscheduler.scheduler - INFO - Adding job tentatively -- it will be properly scheduled when the scheduler starts
2025-04-17 09:32:08,902 - apscheduler.scheduler - INFO - Added job "shemas_cash" to job store "default"
2025-04-17 09:32:08,902 - apscheduler.scheduler - INFO - Scheduler started
2025-04-17 09:34:52,426 - programm - INFO - start delcache
2025-04-17 09:34:52,427 - apscheduler.scheduler - INFO - Adding job tentatively -- it will be properly scheduled when the scheduler starts
2025-04-17 09:34:52,428 - apscheduler.scheduler - INFO - Added job "shemas_cash" to job store "default"
2025-04-17 09:34:52,428 - apscheduler.scheduler - INFO - Scheduler started
2025-04-17 09:37:51,744 - programm - INFO - start delcache
2025-04-17 09:37:51,744 - programm - INFO - CASH
2025-04-17 09:37:51,744 - apscheduler.scheduler - INFO - Adding job tentatively -- it will be properly scheduled when the scheduler starts
2025-04-17 09:37:51,745 - apscheduler.scheduler - INFO - Added job "shemas_cash" to job store "default"
2025-04-17 09:37:51,745 - apscheduler.scheduler - INFO - Scheduler started
2025-04-17 09:37:51,746 - programm - INFO - end clear
2025-04-17 09:37:51,746 - programm - INFO - CLEANUP CONNECTION PLAN 
2025-04-17 09:38:07,343 - programm - INFO - open db for post secret
2025-04-17 09:38:07,372 - programm - INFO - create secret gAAAAABoAKHPPv3Zv8aTkRx8MdDUL5tgf4i0uoXtzguVTd2cwtPGmuVycFt7hDgd8cpYRs7UxKIEMCpJFVMkvHYduA_eP8_VAA==
2025-04-17 09:38:07,377 - programm - INFO - Add secret_hash in data base
2025-04-17 09:38:07,378 - programm - INFO - {25: {'secret': 'gAAAAABoAKHPPv3Zv8aTkRx8MdDUL5tgf4i0uoXtzguVTd2cwtPGmuVycFt7hDgd8cpYRs7UxKIEMCpJFVMkvHYduA_eP8_VAA==', 'time': 1744872187.3778803}} CCCAAAACCCCHHHEEE post
2025-04-17 09:41:24,676 - programm - INFO - start delcache
2025-04-17 09:41:24,676 - programm - INFO - CASH
2025-04-17 09:41:24,677 - apscheduler.scheduler - INFO - Adding job tentatively -- it will be properly scheduled when the scheduler starts
2025-04-17 09:41:24,677 - apscheduler.scheduler - INFO - Added job "shemas_cash" to job store "default"
2025-04-17 09:41:24,678 - apscheduler.scheduler - INFO - Scheduler started
2025-04-17 09:41:24,678 - programm - INFO - end clear
2025-04-17 09:41:24,678 - programm - INFO - CLEANUP CONNECTION PLAN 
2025-04-17 09:46:24,688 - apscheduler.executors.default - INFO - Running job "shemas_cash (trigger: interval[0:05:00], next run at: 2025-04-17 09:46:24 MSK)" (scheduled at 2025-04-17 09:46:24.677121+03:00)
2025-04-17 09:46:24,688 - programm - INFO - SHEMAS
2025-04-17 09:46:24,722 - programm - INFO - clear db
2025-04-17 09:46:24,722 - programm - INFO - [] quanity id 
2025-04-17 09:46:24,723 - apscheduler.executors.default - INFO - Job "shemas_cash (trigger: interval[0:05:00], next run at: 2025-04-17 09:51:24 MSK)" executed successfully
2025-04-17 09:48:00,947 - programm - INFO - {} CCCAAAACCCCHHHEEE get
2025-04-17 09:48:00,947 - programm - INFO - open db for get secret
2025-04-17 09:48:00,950 - programm - INFO - [RealDictRow({'secret': 'gAAAAABoAKHPPv3Zv8aTkRx8MdDUL5tgf4i0uoXtzguVTd2cwtPGmuVycFt7hDgd8cpYRs7UxKIEMCpJFVMkvHYduA_eP8_VAA==', 'activite_show': False})] this is take out database
2025-04-17 09:48:00,953 - programm - INFO - end for show secret
2025-04-17 09:48:30,020 - programm - INFO - start delcache
2025-04-17 09:48:30,020 - programm - INFO - CASH
2025-04-17 09:48:30,021 - apscheduler.scheduler - INFO - Adding job tentatively -- it will be properly scheduled when the scheduler starts
2025-04-17 09:48:30,022 - apscheduler.scheduler - INFO - Added job "shemas_cash" to job store "default"
2025-04-17 09:48:30,022 - apscheduler.scheduler - INFO - Scheduler started
2025-04-17 09:48:30,022 - programm - INFO - end clear
2025-04-17 09:48:30,022 - programm - INFO - CLEANUP CONNECTION PLAN 
2025-04-17 09:48:32,441 - programm - INFO - open db for get secret
2025-04-17 09:48:32,442 - programm - INFO - [RealDictRow({'secret': 'gAAAAABoAKHPPv3Zv8aTkRx8MdDUL5tgf4i0uoXtzguVTd2cwtPGmuVycFt7hDgd8cpYRs7UxKIEMCpJFVMkvHYduA_eP8_VAA==', 'activite_show': True, 'first_add': datetime.datetime(2025, 4, 17, 9, 38, 7, 372766)})] this is take out database
2025-04-17 09:48:32,442 - programm - WARNING - True secret already show
2025-04-17 09:48:57,106 - programm - INFO - start delcache
2025-04-17 09:48:57,106 - programm - INFO - CASH
2025-04-17 09:48:57,107 - apscheduler.scheduler - INFO - Adding job tentatively -- it will be properly scheduled when the scheduler starts
2025-04-17 09:48:57,107 - apscheduler.scheduler - INFO - Added job "shemas_cash" to job store "default"
2025-04-17 09:48:57,107 - apscheduler.scheduler - INFO - Scheduler started
2025-04-17 09:48:57,108 - programm - INFO - end clear
2025-04-17 09:48:57,108 - programm - INFO - CLEANUP CONNECTION PLAN 
2025-04-17 09:53:57,110 - apscheduler.executors.default - INFO - Running job "shemas_cash (trigger: interval[0:05:00], next run at: 2025-04-17 09:53:57 MSK)" (scheduled at 2025-04-17 09:53:57.106985+03:00)
2025-04-17 09:53:57,111 - programm - INFO - SHEMAS
2025-04-17 09:53:57,145 - programm - INFO - clear db
2025-04-17 09:53:57,145 - programm - INFO - [] quanity id 
2025-04-17 09:53:57,145 - apscheduler.executors.default - INFO - Job "shemas_cash (trigger: interval[0:05:00], next run at: 2025-04-17 09:58:57 MSK)" executed successfully
2025-04-17 09:58:57,121 - apscheduler.executors.default - INFO - Running job "shemas_cash (trigger: interval[0:05:00], next run at: 2025-04-17 10:03:57 MSK)" (scheduled at 2025-04-17 09:58:57.106985+03:00)
2025-04-17 09:58:57,121 - programm - INFO - SHEMAS
2025-04-17 09:58:57,151 - programm - INFO - clear db
2025-04-17 09:58:57,151 - programm - INFO - [] quanity id 
2025-04-17 09:58:57,151 - apscheduler.executors.default - INFO - Job "shemas_cash (trigger: interval[0:05:00], next run at: 2025-04-17 10:03:57 MSK)" executed successfully
2025-04-17 09:59:01,007 - programm - INFO - start delcache
2025-04-17 09:59:01,008 - programm - INFO - CASH
2025-04-17 09:59:01,008 - apscheduler.scheduler - INFO - Adding job tentatively -- it will be properly scheduled when the scheduler starts
2025-04-17 09:59:01,009 - apscheduler.scheduler - INFO - Added job "shemas_cash" to job store "default"
2025-04-17 09:59:01,009 - apscheduler.scheduler - INFO - Scheduler started
2025-04-17 09:59:01,009 - programm - INFO - end clear
2025-04-17 09:59:01,010 - programm - INFO - CLEANUP CONNECTION PLAN 
2025-04-17 09:59:54,088 - programm - INFO - start delcache
2025-04-17 09:59:54,088 - programm - INFO - CASH
2025-04-17 09:59:54,088 - apscheduler.scheduler - INFO - Adding job tentatively -- it will be properly scheduled when the scheduler starts
2025-04-17 09:59:54,089 - apscheduler.scheduler - INFO - Added job "shemas_cash" to job store "default"
2025-04-17 09:59:54,089 - apscheduler.scheduler - INFO - Scheduler started
2025-04-17 09:59:54,090 - programm - INFO - end clear
2025-04-17 09:59:54,090 - programm - INFO - CLEANUP CONNECTION PLAN 
2025-04-17 10:00:07,046 - programm - INFO - open db for post secret
2025-04-17 10:00:07,059 - programm - INFO - create secret gAAAAABoAKb3Npxirfm7KXvJrsGP9bhhf8-QzYW99Agat7gXZhBWl0ElLphfsQa3cIeaib6NpcIakXVBecuyjiO7Barpk4_Gjw==
2025-04-17 10:00:07,060 - programm - INFO - Add secret_hash in data base
2025-04-17 10:00:07,060 - programm - INFO - {26: {'secret': 'gAAAAABoAKb3Npxirfm7KXvJrsGP9bhhf8-QzYW99Agat7gXZhBWl0ElLphfsQa3cIeaib6NpcIakXVBecuyjiO7Barpk4_Gjw==', 'time': 1744873807.0608785}} CCCAAAACCCCHHHEEE post
2025-04-17 10:00:19,220 - programm - INFO - gAAAAABoAKb3Npxirfm7KXvJrsGP9bhhf8-QzYW99Agat7gXZhBWl0ElLphfsQa3cIeaib6NpcIakXVBecuyjiO7Barpk4_Gjw== cahce get
2025-04-17 10:01:06,922 - programm - INFO - open db for get secret
2025-04-17 10:01:06,923 - programm - INFO - [RealDictRow({'secret': 'gAAAAABoAKb3Npxirfm7KXvJrsGP9bhhf8-QzYW99Agat7gXZhBWl0ElLphfsQa3cIeaib6NpcIakXVBecuyjiO7Barpk4_Gjw==', 'activite_show': False, 'first_add': datetime.datetime(2025, 4, 17, 10, 0, 7, 59352)})] this is take out database
2025-04-17 10:01:06,924 - programm - INFO - end for show secret
2025-04-17 10:01:47,186 - programm - INFO - open db for post secret
2025-04-17 10:01:47,198 - programm - INFO - create secret gAAAAABoAKdbdpix4ZXWnmc087V6wDm5VNhAL-yM45ocotpFOaP2oEIYTcA-5T91eyLr35c0rlcNFIZp_7eZfVn9l5c-wOdB5A==
2025-04-17 10:01:47,199 - programm - INFO - Add secret_hash in data base
2025-04-17 10:01:47,200 - programm - INFO - {27: {'secret': 'gAAAAABoAKdbdpix4ZXWnmc087V6wDm5VNhAL-yM45ocotpFOaP2oEIYTcA-5T91eyLr35c0rlcNFIZp_7eZfVn9l5c-wOdB5A==', 'time': 1744873907.2001987}} CCCAAAACCCCHHHEEE post
2025-04-17 10:01:51,063 - programm - INFO - gAAAAABoAKdbdpix4ZXWnmc087V6wDm5VNhAL-yM45ocotpFOaP2oEIYTcA-5T91eyLr35c0rlcNFIZp_7eZfVn9l5c-wOdB5A== cahce get
2025-04-17 10:02:13,701 - programm - INFO - start delcache
2025-04-17 10:02:13,701 - programm - INFO - CASH
2025-04-17 10:02:13,702 - apscheduler.scheduler - INFO - Adding job tentatively -- it will be properly scheduled when the scheduler starts
2025-04-17 10:02:13,703 - apscheduler.scheduler - INFO - Added job "shemas_cash" to job store "default"
2025-04-17 10:02:13,703 - apscheduler.scheduler - INFO - Scheduler started
2025-04-17 10:02:13,703 - programm - INFO - end clear
2025-04-17 10:02:13,703 - programm - INFO - CLEANUP CONNECTION PLAN 
2025-04-17 10:02:35,100 - programm - INFO - open db for post secret
2025-04-17 10:02:35,114 - programm - INFO - create secret gAAAAABoAKeLX78lGLE2U01OP_vg851Zg27PMvUfiwqE0w9Ykq9dOHEzHYZ9wlUkgL1Dg5oBCj2rGnIM-IjkydHHkbk400tScg==
2025-04-17 10:02:35,115 - programm - INFO - Add secret_hash in data base
2025-04-17 10:02:35,116 - programm - INFO - {28: {'secret': 'gAAAAABoAKeLX78lGLE2U01OP_vg851Zg27PMvUfiwqE0w9Ykq9dOHEzHYZ9wlUkgL1Dg5oBCj2rGnIM-IjkydHHkbk400tScg==', 'time': 1744873955.1161358}} CCCAAAACCCCHHHEEE post
2025-04-17 10:02:38,902 - programm - INFO - gAAAAABoAKeLX78lGLE2U01OP_vg851Zg27PMvUfiwqE0w9Ykq9dOHEzHYZ9wlUkgL1Dg5oBCj2rGnIM-IjkydHHkbk400tScg== cahce get
2025-04-17 10:02:38,905 - programm - INFO - end for show secret
2025-04-17 10:03:11,510 - programm - INFO - start delcache
2025-04-17 10:03:11,510 - programm - INFO - CASH
2025-04-17 10:03:11,511 - apscheduler.scheduler - INFO - Adding job tentatively -- it will be properly scheduled when the scheduler starts
2025-04-17 10:03:11,512 - apscheduler.scheduler - INFO - Added job "shemas_cash" to job store "default"
2025-04-17 10:03:11,512 - apscheduler.scheduler - INFO - Scheduler started
2025-04-17 10:03:11,512 - programm - INFO - end clear
2025-04-17 10:03:11,512 - programm - INFO - CLEANUP CONNECTION PLAN 
2025-04-17 10:08:11,521 - apscheduler.executors.default - INFO - Running job "shemas_cash (trigger: interval[0:05:00], next run at: 2025-04-17 10:08:11 MSK)" (scheduled at 2025-04-17 10:08:11.511377+03:00)
2025-04-17 10:08:11,521 - programm - INFO - SHEMAS
2025-04-17 10:08:11,556 - programm - INFO - clear db
2025-04-17 10:08:11,556 - programm - INFO - [] quanity id 
2025-04-17 10:08:11,556 - apscheduler.executors.default - INFO - Job "shemas_cash (trigger: interval[0:05:00], next run at: 2025-04-17 10:13:11 MSK)" executed successfully
2025-04-17 10:13:11,512 - apscheduler.executors.default - INFO - Running job "shemas_cash (trigger: interval[0:05:00], next run at: 2025-04-17 10:18:11 MSK)" (scheduled at 2025-04-17 10:13:11.511377+03:00)
2025-04-17 10:13:11,512 - programm - INFO - SHEMAS
2025-04-17 10:13:11,544 - programm - INFO - clear db
2025-04-17 10:13:11,544 - programm - INFO - [] quanity id 
2025-04-17 10:13:11,544 - apscheduler.executors.default - INFO - Job "shemas_cash (trigger: interval[0:05:00], next run at: 2025-04-17 10:18:11 MSK)" executed successfully
2025-04-17 10:18:11,520 - apscheduler.executors.default - INFO - Running job "shemas_cash (trigger: interval[0:05:00], next run at: 2025-04-17 10:23:11 MSK)" (scheduled at 2025-04-17 10:18:11.511377+03:00)
2025-04-17 10:18:11,520 - programm - INFO - SHEMAS
2025-04-17 10:18:11,654 - programm - INFO - clear db
2025-04-17 10:18:11,654 - programm - INFO - [] quanity id 
2025-04-17 10:18:11,654 - apscheduler.executors.default - INFO - Job "shemas_cash (trigger: interval[0:05:00], next run at: 2025-04-17 10:23:11 MSK)" executed successfully
2025-04-17 10:23:11,526 - apscheduler.executors.default - INFO - Running job "shemas_cash (trigger: interval[0:05:00], next run at: 2025-04-17 10:28:11 MSK)" (scheduled at 2025-04-17 10:23:11.511377+03:00)
2025-04-17 10:23:11,526 - programm - INFO - SHEMAS
2025-04-17 10:23:11,556 - programm - INFO - clear db
2025-04-17 10:23:11,556 - programm - INFO - [] quanity id 
2025-04-17 10:23:11,557 - apscheduler.executors.default - INFO - Job "shemas_cash (trigger: interval[0:05:00], next run at: 2025-04-17 10:28:11 MSK)" executed successfully
2025-04-17 10:28:11,521 - apscheduler.executors.default - INFO - Running job "shemas_cash (trigger: interval[0:05:00], next run at: 2025-04-17 10:33:11 MSK)" (scheduled at 2025-04-17 10:28:11.511377+03:00)
2025-04-17 10:28:11,521 - programm - INFO - SHEMAS
2025-04-17 10:28:11,552 - programm - INFO - clear db
2025-04-17 10:28:11,552 - programm - INFO - [] quanity id 
2025-04-17 10:28:11,553 - apscheduler.executors.default - INFO - Job "shemas_cash (trigger: interval[0:05:00], next run at: 2025-04-17 10:33:11 MSK)" executed successfully
2025-04-17 10:33:11,513 - apscheduler.executors.default - INFO - Running job "shemas_cash (trigger: interval[0:05:00], next run at: 2025-04-17 10:38:11 MSK)" (scheduled at 2025-04-17 10:33:11.511377+03:00)
2025-04-17 10:33:11,514 - programm - INFO - SHEMAS
2025-04-17 10:33:11,544 - programm - INFO - clear db
2025-04-17 10:33:11,544 - programm - INFO - [] quanity id 
2025-04-17 10:33:11,544 - apscheduler.executors.default - INFO - Job "shemas_cash (trigger: interval[0:05:00], next run at: 2025-04-17 10:38:11 MSK)" executed successfully
2025-04-17 10:38:11,525 - apscheduler.executors.default - INFO - Running job "shemas_cash (trigger: interval[0:05:00], next run at: 2025-04-17 10:43:11 MSK)" (scheduled at 2025-04-17 10:38:11.511377+03:00)
2025-04-17 10:38:11,525 - programm - INFO - SHEMAS
2025-04-17 10:38:11,558 - programm - INFO - clear db
2025-04-17 10:38:11,558 - programm - INFO - [RealDictRow({'id': 25})] quanity id 
2025-04-17 10:38:11,559 - programm - INFO - Delete 1 id(cache)
2025-04-17 10:38:11,571 - apscheduler.executors.default - ERROR - Job "shemas_cash (trigger: interval[0:05:00], next run at: 2025-04-17 10:43:11 MSK)" raised an exception
Traceback (most recent call last):
  File "D:\Проекты\DisbosableSecrets\programm.py", line 65, in shemas_cash
    if i in cache:
       ^^^^^^^^^^
TypeError: unhashable type: 'RealDictRow'

During handling of the above exception, another exception occurred:

Traceback (most recent call last):
  File "D:\Проекты\DisbosableSecrets\venvSecrets\Lib\site-packages\apscheduler\executors\base.py", line 131, in run_job
    retval = job.func(*job.args, **job.kwargs)
  File "D:\Проекты\DisbosableSecrets\programm.py", line 69, in shemas_cash
    raise HTTPException(status_code=404)
fastapi.exceptions.HTTPException: 404: Not Found
2025-04-17 10:43:11,519 - apscheduler.executors.default - INFO - Running job "shemas_cash (trigger: interval[0:05:00], next run at: 2025-04-17 10:48:11 MSK)" (scheduled at 2025-04-17 10:43:11.511377+03:00)
2025-04-17 10:43:11,519 - programm - INFO - SHEMAS
2025-04-17 10:43:11,551 - programm - INFO - clear db
2025-04-17 10:43:11,551 - programm - INFO - [] quanity id 
2025-04-17 10:43:11,551 - apscheduler.executors.default - INFO - Job "shemas_cash (trigger: interval[0:05:00], next run at: 2025-04-17 10:48:11 MSK)" executed successfully
2025-04-17 10:48:11,521 - apscheduler.executors.default - INFO - Running job "shemas_cash (trigger: interval[0:05:00], next run at: 2025-04-17 10:53:11 MSK)" (scheduled at 2025-04-17 10:48:11.511377+03:00)
2025-04-17 10:48:11,521 - programm - INFO - SHEMAS
2025-04-17 10:48:11,551 - programm - INFO - clear db
2025-04-17 10:48:11,551 - programm - INFO - [] quanity id 
2025-04-17 10:48:11,551 - apscheduler.executors.default - INFO - Job "shemas_cash (trigger: interval[0:05:00], next run at: 2025-04-17 10:53:11 MSK)" executed successfully
2025-04-17 10:49:11,797 - programm - INFO - start delcache
2025-04-17 10:49:11,797 - programm - INFO - CASH
2025-04-17 10:49:11,798 - apscheduler.scheduler - INFO - Adding job tentatively -- it will be properly scheduled when the scheduler starts
2025-04-17 10:49:11,799 - apscheduler.scheduler - INFO - Added job "shemas_cash" to job store "default"
2025-04-17 10:49:11,799 - apscheduler.scheduler - INFO - Scheduler started
2025-04-17 10:49:11,799 - programm - INFO - end clear
2025-04-17 10:49:11,799 - programm - INFO - CLEANUP CONNECTION PLAN 
2025-04-17 10:49:21,169 - programm - INFO - open db for post secret
2025-04-17 10:49:21,183 - programm - INFO - Add secret_hash in data base
2025-04-17 10:49:34,758 - programm - INFO - start delcache
2025-04-17 10:49:34,758 - programm - INFO - CASH
2025-04-17 10:49:34,759 - apscheduler.scheduler - INFO - Adding job tentatively -- it will be properly scheduled when the scheduler starts
2025-04-17 10:49:34,759 - apscheduler.scheduler - INFO - Added job "shemas_cash" to job store "default"
2025-04-17 10:49:34,759 - apscheduler.scheduler - INFO - Scheduler started
2025-04-17 10:49:34,760 - programm - INFO - end clear
2025-04-17 10:49:34,760 - programm - INFO - CLEANUP CONNECTION PLAN 
2025-04-17 10:49:36,580 - programm - INFO - open db for post secret
2025-04-17 10:49:36,594 - programm - INFO - Add secret_hash in data base
2025-04-17 10:49:36,595 - programm - INFO - cache added
2025-04-17 10:59:51,394 - programm - INFO - start delcache
2025-04-17 10:59:51,395 - programm - INFO - CASH
2025-04-17 10:59:51,395 - apscheduler.scheduler - INFO - Adding job tentatively -- it will be properly scheduled when the scheduler starts
2025-04-17 10:59:51,396 - apscheduler.scheduler - INFO - Added job "shemas_cash" to job store "default"
2025-04-17 10:59:51,396 - apscheduler.scheduler - INFO - Scheduler started
2025-04-17 10:59:51,396 - programm - INFO - end clear
2025-04-17 10:59:51,396 - programm - INFO - CLEANUP CONNECTION PLAN 
2025-04-17 10:59:53,619 - programm - INFO - start delcache
2025-04-17 10:59:53,619 - programm - INFO - CASH
2025-04-17 10:59:53,619 - apscheduler.scheduler - INFO - Adding job tentatively -- it will be properly scheduled when the scheduler starts
2025-04-17 10:59:53,620 - apscheduler.scheduler - INFO - Added job "shemas_cash" to job store "default"
2025-04-17 10:59:53,620 - apscheduler.scheduler - INFO - Scheduler started
2025-04-17 10:59:53,620 - programm - INFO - end clear
2025-04-17 10:59:53,621 - programm - INFO - CLEANUP CONNECTION PLAN 
2025-04-17 11:02:18,014 - programm - INFO - start delcache
2025-04-17 11:02:18,014 - programm - INFO - CASH
2025-04-17 11:02:18,015 - apscheduler.scheduler - INFO - Adding job tentatively -- it will be properly scheduled when the scheduler starts
2025-04-17 11:02:18,016 - apscheduler.scheduler - INFO - Added job "shemas_cash" to job store "default"
2025-04-17 11:02:18,016 - apscheduler.scheduler - INFO - Scheduler started
2025-04-17 11:02:18,016 - programm - INFO - end clear
2025-04-17 11:02:18,016 - programm - INFO - CLEANUP CONNECTION PLAN 
2025-04-17 11:03:35,695 - programm - INFO - start delcache
2025-04-17 11:03:35,695 - programm - INFO - CASH
2025-04-17 11:03:35,696 - apscheduler.scheduler - INFO - Adding job tentatively -- it will be properly scheduled when the scheduler starts
2025-04-17 11:03:35,696 - apscheduler.scheduler - INFO - Added job "shemas_cash" to job store "default"
2025-04-17 11:03:35,696 - apscheduler.scheduler - INFO - Scheduler started
2025-04-17 11:03:35,697 - programm - INFO - end clear
2025-04-17 11:03:35,697 - programm - INFO - CLEANUP CONNECTION PLAN 
2025-04-17 11:03:59,125 - programm - INFO - start delcache
2025-04-17 11:03:59,126 - programm - INFO - CASH
2025-04-17 11:03:59,126 - apscheduler.scheduler - INFO - Adding job tentatively -- it will be properly scheduled when the scheduler starts
2025-04-17 11:03:59,127 - apscheduler.scheduler - INFO - Added job "shemas_cash" to job store "default"
2025-04-17 11:03:59,127 - apscheduler.scheduler - INFO - Scheduler started
2025-04-17 11:03:59,128 - programm - INFO - end clear
2025-04-17 11:03:59,128 - programm - INFO - CLEANUP CONNECTION PLAN 
2025-04-17 11:04:01,410 - programm - INFO - open db for post secret
2025-04-17 11:04:01,424 - programm - INFO - Add secret_hash in data base
2025-04-17 11:04:01,425 - programm - INFO - cache added
2025-04-17 11:04:05,556 - programm - INFO - gAAAAABoALXxaJVISajOcL0BxB2FsJgH53S8tefixcZE91npR_Lol9c4XFUGVzt9kfQ1Ex0vBP5h7wiyrJ11RqG-xcC3fHiPhA== cahce get
2025-04-17 11:04:05,558 - programm - INFO - end for show secret
2025-04-17 11:04:09,752 - programm - INFO - open db for delete
2025-04-17 11:04:09,767 - programm - INFO - delete secret from db
2025-04-17 11:08:59,127 - apscheduler.executors.default - INFO - Running job "shemas_cash (trigger: interval[0:05:00], next run at: 2025-04-17 11:08:59 MSK)" (scheduled at 2025-04-17 11:08:59.126645+03:00)
2025-04-17 11:08:59,127 - programm - INFO - SHEMAS
2025-04-17 11:08:59,156 - programm - INFO - clear db
2025-04-17 11:08:59,157 - programm - INFO - [RealDictRow({'id': 26}), RealDictRow({'id': 27}), RealDictRow({'id': 28})] quanity id 
2025-04-17 11:08:59,157 - programm - INFO - Delete 3 id(cache)
2025-04-17 11:08:59,158 - apscheduler.executors.default - ERROR - Job "shemas_cash (trigger: interval[0:05:00], next run at: 2025-04-17 11:13:59 MSK)" raised an exception
Traceback (most recent call last):
  File "D:\Проекты\DisbosableSecrets\programm.py", line 64, in shemas_cash
    if i in cache:
       ^^^^^^^^^^
TypeError: unhashable type: 'RealDictRow'

During handling of the above exception, another exception occurred:

Traceback (most recent call last):
  File "D:\Проекты\DisbosableSecrets\venvSecrets\Lib\site-packages\apscheduler\executors\base.py", line 131, in run_job
    retval = job.func(*job.args, **job.kwargs)
  File "D:\Проекты\DisbosableSecrets\programm.py", line 68, in shemas_cash
    raise HTTPException(status_code=404)
fastapi.exceptions.HTTPException: 404: Not Found
